[resume] resumed from the checkpoint of iteration 4320 (1,658,880 matches), league rebuilt from 6 checkpoints; the optimiser state starts fresh
{"iteration": 4321, "phase": "reinforce", "matches": 1659264, "train_win_rate": 0.5495, "decisions": 9633, "entropy": 1.2821, "league": 6, "minutes": 0.02}
{"iteration": 4322, "phase": "reinforce", "matches": 1659648, "train_win_rate": 0.5417, "decisions": 9715, "entropy": 1.2817, "league": 6, "minutes": 0.03}
{"iteration": 4323, "phase": "reinforce", "matches": 1660032, "train_win_rate": 0.5521, "decisions": 10060, "entropy": 1.3031, "league": 6, "minutes": 0.05}
{"iteration": 4324, "phase": "reinforce", "matches": 1660416, "train_win_rate": 0.5573, "decisions": 9649, "entropy": 1.2888, "league": 6, "minutes": 0.06}
{"iteration": 4325, "phase": "reinforce", "matches": 1660800, "train_win_rate": 0.5208, "decisions": 9937, "entropy": 1.2976, "league": 6, "minutes": 0.08}
{"iteration": 4326, "phase": "reinforce", "matches": 1661184, "train_win_rate": 0.474, "decisions": 9802, "entropy": 1.2975, "league": 6, "minutes": 0.09}
{"iteration": 4327, "phase": "reinforce", "matches": 1661568, "train_win_rate": 0.4922, "decisions": 10042, "entropy": 1.3291, "league": 6, "minutes": 0.11}
{"iteration": 4328, "phase": "reinforce", "matches": 1661952, "train_win_rate": 0.5234, "decisions": 9900, "entropy": 1.3085, "league": 6, "minutes": 0.12}
{"iteration": 4329, "phase": "reinforce", "matches": 1662336, "train_win_rate": 0.5729, "decisions": 9969, "entropy": 1.3024, "league": 6, "minutes": 0.14}
{"iteration": 4330, "phase": "reinforce", "matches": 1662720, "train_win_rate": 0.5, "decisions": 9698, "entropy": 1.3067, "league": 6, "minutes": 0.15}
{"iteration": 4331, "phase": "reinforce", "matches": 1663104, "train_win_rate": 0.5026, "decisions": 9755, "entropy": 1.299, "league": 6, "minutes": 0.17}
{"iteration": 4332, "phase": "reinforce", "matches": 1663488, "train_win_rate": 0.5, "decisions": 9817, "entropy": 1.3096, "league": 6, "minutes": 0.19}
{"iteration": 4333, "phase": "reinforce", "matches": 1663872, "train_win_rate": 0.5182, "decisions": 9472, "entropy": 1.3015, "league": 6, "minutes": 0.22}
{"iteration": 4334, "phase": "reinforce", "matches": 1664256, "train_win_rate": 0.5859, "decisions": 9871, "entropy": 1.2823, "league": 6, "minutes": 0.24}
{"iteration": 4335, "phase": "reinforce", "matches": 1664640, "train_win_rate": 0.5312, "decisions": 9724, "entropy": 1.3073, "league": 6, "minutes": 0.26}
{"iteration": 4336, "phase": "reinforce", "matches": 1665024, "train_win_rate": 0.513, "decisions": 9700, "entropy": 1.2874, "league": 6, "minutes": 0.29}
{"iteration": 4337, "phase": "reinforce", "matches": 1665408, "train_win_rate": 0.5156, "decisions": 9826, "entropy": 1.2822, "league": 6, "minutes": 0.31}
{"iteration": 4338, "phase": "reinforce", "matches": 1665792, "train_win_rate": 0.5417, "decisions": 9896, "entropy": 1.2955, "league": 6, "minutes": 0.33}
{"iteration": 4339, "phase": "reinforce", "matches": 1666176, "train_win_rate": 0.5052, "decisions": 9743, "entropy": 1.2942, "league": 6, "minutes": 0.35}
{"iteration": 4340, "phase": "reinforce", "matches": 1666560, "train_win_rate": 0.5339, "decisions": 9775, "entropy": 1.2953, "league": 6, "minutes": 0.38}
{"iteration": 4341, "phase": "reinforce", "matches": 1666944, "train_win_rate": 0.5443, "decisions": 9761, "entropy": 1.3001, "league": 6, "minutes": 0.4}
{"iteration": 4342, "phase": "reinforce", "matches": 1667328, "train_win_rate": 0.5312, "decisions": 9873, "entropy": 1.3068, "league": 6, "minutes": 0.42}
{"iteration": 4343, "phase": "reinforce", "matches": 1667712, "train_win_rate": 0.5182, "decisions": 10027, "entropy": 1.3261, "league": 6, "minutes": 0.44}
{"iteration": 4344, "phase": "reinforce", "matches": 1668096, "train_win_rate": 0.5, "decisions": 9859, "entropy": 1.3157, "league": 6, "minutes": 0.46}
{"iteration": 4345, "phase": "reinforce", "matches": 1668480, "train_win_rate": 0.5104, "decisions": 9841, "entropy": 1.3109, "league": 6, "minutes": 0.49}
{"iteration": 4346, "phase": "reinforce", "matches": 1668864, "train_win_rate": 0.5938, "decisions": 10091, "entropy": 1.2793, "league": 6, "minutes": 0.52}
{"iteration": 4347, "phase": "reinforce", "matches": 1669248, "train_win_rate": 0.5625, "decisions": 10026, "entropy": 1.3013, "league": 6, "minutes": 0.54}
{"iteration": 4348, "phase": "reinforce", "matches": 1669632, "train_win_rate": 0.513, "decisions": 9886, "entropy": 1.3085, "league": 6, "minutes": 0.56}
{"iteration": 4349, "phase": "reinforce", "matches": 1670016, "train_win_rate": 0.5234, "decisions": 9917, "entropy": 1.3033, "league": 6, "minutes": 0.6}
{"iteration": 4350, "phase": "reinforce", "matches": 1670400, "train_win_rate": 0.5, "decisions": 9624, "entropy": 1.3051, "league": 6, "minutes": 0.62}
{"iteration": 4351, "phase": "reinforce", "matches": 1670784, "train_win_rate": 0.5312, "decisions": 9869, "entropy": 1.2854, "league": 6, "minutes": 0.65}
{"iteration": 4352, "phase": "reinforce", "matches": 1671168, "train_win_rate": 0.4844, "decisions": 9971, "entropy": 1.307, "league": 6, "minutes": 0.68}
{"iteration": 4353, "phase": "reinforce", "matches": 1671552, "train_win_rate": 0.5781, "decisions": 9986, "entropy": 1.2955, "league": 6, "minutes": 0.71}
{"iteration": 4354, "phase": "reinforce", "matches": 1671936, "train_win_rate": 0.5391, "decisions": 10191, "entropy": 1.3069, "league": 6, "minutes": 0.74}
{"iteration": 4355, "phase": "reinforce", "matches": 1672320, "train_win_rate": 0.5208, "decisions": 10079, "entropy": 1.3321, "league": 6, "minutes": 0.76}
{"iteration": 4356, "phase": "reinforce", "matches": 1672704, "train_win_rate": 0.5573, "decisions": 10127, "entropy": 1.2971, "league": 6, "minutes": 0.79}
{"iteration": 4357, "phase": "reinforce", "matches": 1673088, "train_win_rate": 0.5286, "decisions": 9541, "entropy": 1.2962, "league": 6, "minutes": 0.81}
{"iteration": 4358, "phase": "reinforce", "matches": 1673472, "train_win_rate": 0.5599, "decisions": 9718, "entropy": 1.2929, "league": 6, "minutes": 0.83}
{"iteration": 4359, "phase": "reinforce", "matches": 1673856, "train_win_rate": 0.5339, "decisions": 9776, "entropy": 1.3011, "league": 6, "minutes": 0.85}
{"iteration": 4360, "phase": "reinforce", "matches": 1674240, "train_win_rate": 0.5807, "decisions": 10041, "entropy": 1.2758, "league": 6, "minutes": 0.87}
Process ForkServerPoolWorker-43:
Traceback (most recent call last):
  File "/usr/lib/python3.14/multiprocessing/pool.py", line 131, in worker
    put((job, i, result))
    ~~~^^^^^^^^^^^^^^^^^^
  File "/usr/lib/python3.14/multiprocessing/queues.py", line 397, in put
    self._writer.send_bytes(obj)
    ~~~~~~~~~~~~~~~~~~~~~~~^^^^^
  File "/usr/lib/python3.14/multiprocessing/connection.py", line 207, in send_bytes
    self._send_bytes(m[offset:offset + size])
    ~~~~~~~~~~~~~~~~^^^^^^^^^^^^^^^^^^^^^^^^^
  File "/usr/lib/python3.14/multiprocessing/connection.py", line 445, in _send_bytes
    self._send(header + buf)
    ~~~~~~~~~~^^^^^^^^^^^^^^
  File "/usr/lib/python3.14/multiprocessing/connection.py", line 401, in _send
    n = write(self._handle, buf)
BrokenPipeError: [Errno 32] Broken pipe

During handling of the above exception, another exception occurred:

Traceback (most recent call last):
  File "/usr/lib/python3.14/multiprocessing/process.py", line 320, in _bootstrap
    self.run()
    ~~~~~~~~^^
  File "/usr/lib/python3.14/multiprocessing/process.py", line 108, in run
    self._target(*self._args, **self._kwargs)
    ~~~~~~~~~~~~^^^^^^^^^^^^^^^^^^^^^^^^^^^^^
  File "/usr/lib/python3.14/multiprocessing/pool.py", line 136, in worker
    put((job, i, (False, wrapped)))
    ~~~^^^^^^^^^^^^^^^^^^^^^^^^^^^^
  File "/usr/lib/python3.14/multiprocessing/queues.py", line 397, in put
    self._writer.send_bytes(obj)
    ~~~~~~~~~~~~~~~~~~~~~~~^^^^^
  File "/usr/lib/python3.14/multiprocessing/connection.py", line 207, in send_bytes
    self._send_bytes(m[offset:offset + size])
    ~~~~~~~~~~~~~~~~^^^^^^^^^^^^^^^^^^^^^^^^^
  File "/usr/lib/python3.14/multiprocessing/connection.py", line 445, in _send_bytes
    self._send(header + buf)
    ~~~~~~~~~~^^^^^^^^^^^^^^
  File "/usr/lib/python3.14/multiprocessing/connection.py", line 401, in _send
    n = write(self._handle, buf)
BrokenPipeError: [Errno 32] Broken pipe
Process ForkServerPoolWorker-44:
Traceback (most recent call last):
  File "/usr/lib/python3.14/multiprocessing/pool.py", line 131, in worker
    put((job, i, result))
    ~~~^^^^^^^^^^^^^^^^^^
  File "/usr/lib/python3.14/multiprocessing/queues.py", line 397, in put
    self._writer.send_bytes(obj)
    ~~~~~~~~~~~~~~~~~~~~~~~^^^^^
  File "/usr/lib/python3.14/multiprocessing/connection.py", line 207, in send_bytes
    self._send_bytes(m[offset:offset + size])
    ~~~~~~~~~~~~~~~~^^^^^^^^^^^^^^^^^^^^^^^^^
  File "/usr/lib/python3.14/multiprocessing/connection.py", line 445, in _send_bytes
    self._send(header + buf)
    ~~~~~~~~~~^^^^^^^^^^^^^^
  File "/usr/lib/python3.14/multiprocessing/connection.py", line 401, in _send
    n = write(self._handle, buf)
BrokenPipeError: [Errno 32] Broken pipe

During handling of the above exception, another exception occurred:

Traceback (most recent call last):
  File "/usr/lib/python3.14/multiprocessing/process.py", line 320, in _bootstrap
    self.run()
    ~~~~~~~~^^
  File "/usr/lib/python3.14/multiprocessing/process.py", line 108, in run
    self._target(*self._args, **self._kwargs)
    ~~~~~~~~~~~~^^^^^^^^^^^^^^^^^^^^^^^^^^^^^
  File "/usr/lib/python3.14/multiprocessing/pool.py", line 136, in worker
    put((job, i, (False, wrapped)))
    ~~~^^^^^^^^^^^^^^^^^^^^^^^^^^^^
  File "/usr/lib/python3.14/multiprocessing/queues.py", line 397, in put
    self._writer.send_bytes(obj)
    ~~~~~~~~~~~~~~~~~~~~~~~^^^^^
  File "/usr/lib/python3.14/multiprocessing/connection.py", line 207, in send_bytes
    self._send_bytes(m[offset:offset + size])
    ~~~~~~~~~~~~~~~~^^^^^^^^^^^^^^^^^^^^^^^^^
  File "/usr/lib/python3.14/multiprocessing/connection.py", line 445, in _send_bytes
    self._send(header + buf)
    ~~~~~~~~~~^^^^^^^^^^^^^^
  File "/usr/lib/python3.14/multiprocessing/connection.py", line 401, in _send
    n = write(self._handle, buf)
BrokenPipeError: [Errno 32] Broken pipe
Process ForkServerPoolWorker-40:
Traceback (most recent call last):
  File "/usr/lib/python3.14/multiprocessing/pool.py", line 131, in worker
    put((job, i, result))
    ~~~^^^^^^^^^^^^^^^^^^
  File "/usr/lib/python3.14/multiprocessing/queues.py", line 397, in put
    self._writer.send_bytes(obj)
    ~~~~~~~~~~~~~~~~~~~~~~~^^^^^
  File "/usr/lib/python3.14/multiprocessing/connection.py", line 207, in send_bytes
    self._send_bytes(m[offset:offset + size])
    ~~~~~~~~~~~~~~~~^^^^^^^^^^^^^^^^^^^^^^^^^
  File "/usr/lib/python3.14/multiprocessing/connection.py", line 445, in _send_bytes
    self._send(header + buf)
    ~~~~~~~~~~^^^^^^^^^^^^^^
  File "/usr/lib/python3.14/multiprocessing/connection.py", line 401, in _send
    n = write(self._handle, buf)
BrokenPipeError: [Errno 32] Broken pipe

During handling of the above exception, another exception occurred:

Traceback (most recent call last):
  File "/usr/lib/python3.14/multiprocessing/process.py", line 320, in _bootstrap
    self.run()
    ~~~~~~~~^^
  File "/usr/lib/python3.14/multiprocessing/process.py", line 108, in run
    self._target(*self._args, **self._kwargs)
    ~~~~~~~~~~~~^^^^^^^^^^^^^^^^^^^^^^^^^^^^^
  File "/usr/lib/python3.14/multiprocessing/pool.py", line 136, in worker
    put((job, i, (False, wrapped)))
    ~~~^^^^^^^^^^^^^^^^^^^^^^^^^^^^
  File "/usr/lib/python3.14/multiprocessing/queues.py", line 397, in put
    self._writer.send_bytes(obj)
    ~~~~~~~~~~~~~~~~~~~~~~~^^^^^
  File "/usr/lib/python3.14/multiprocessing/connection.py", line 207, in send_bytes
    self._send_bytes(m[offset:offset + size])
    ~~~~~~~~~~~~~~~~^^^^^^^^^^^^^^^^^^^^^^^^^
  File "/usr/lib/python3.14/multiprocessing/connection.py", line 445, in _send_bytes
    self._send(header + buf)
    ~~~~~~~~~~^^^^^^^^^^^^^^
  File "/usr/lib/python3.14/multiprocessing/connection.py", line 401, in _send
    n = write(self._handle, buf)
BrokenPipeError: [Errno 32] Broken pipe
Process ForkServerPoolWorker-47:
Traceback (most recent call last):
  File "/usr/lib/python3.14/multiprocessing/pool.py", line 131, in worker
    put((job, i, result))
    ~~~^^^^^^^^^^^^^^^^^^
  File "/usr/lib/python3.14/multiprocessing/queues.py", line 397, in put
    self._writer.send_bytes(obj)
    ~~~~~~~~~~~~~~~~~~~~~~~^^^^^
  File "/usr/lib/python3.14/multiprocessing/connection.py", line 207, in send_bytes
    self._send_bytes(m[offset:offset + size])
    ~~~~~~~~~~~~~~~~^^^^^^^^^^^^^^^^^^^^^^^^^
  File "/usr/lib/python3.14/multiprocessing/connection.py", line 445, in _send_bytes
    self._send(header + buf)
    ~~~~~~~~~~^^^^^^^^^^^^^^
  File "/usr/lib/python3.14/multiprocessing/connection.py", line 401, in _send
    n = write(self._handle, buf)
BrokenPipeError: [Errno 32] Broken pipe

During handling of the above exception, another exception occurred:

Traceback (most recent call last):
  File "/usr/lib/python3.14/multiprocessing/process.py", line 320, in _bootstrap
    self.run()
    ~~~~~~~~^^
  File "/usr/lib/python3.14/multiprocessing/process.py", line 108, in run
    self._target(*self._args, **self._kwargs)
    ~~~~~~~~~~~~^^^^^^^^^^^^^^^^^^^^^^^^^^^^^
  File "/usr/lib/python3.14/multiprocessing/pool.py", line 136, in worker
    put((job, i, (False, wrapped)))
    ~~~^^^^^^^^^^^^^^^^^^^^^^^^^^^^
  File "/usr/lib/python3.14/multiprocessing/queues.py", line 397, in put
    self._writer.send_bytes(obj)
    ~~~~~~~~~~~~~~~~~~~~~~~^^^^^
  File "/usr/lib/python3.14/multiprocessing/connection.py", line 207, in send_bytes
    self._send_bytes(m[offset:offset + size])
    ~~~~~~~~~~~~~~~~^^^^^^^^^^^^^^^^^^^^^^^^^
  File "/usr/lib/python3.14/multiprocessing/connection.py", line 445, in _send_bytes
    self._send(header + buf)
    ~~~~~~~~~~^^^^^^^^^^^^^^
  File "/usr/lib/python3.14/multiprocessing/connection.py", line 401, in _send
    n = write(self._handle, buf)
BrokenPipeError: [Errno 32] Broken pipe
Process ForkServerPoolWorker-38:
Traceback (most recent call last):
  File "/usr/lib/python3.14/multiprocessing/pool.py", line 131, in worker
    put((job, i, result))
    ~~~^^^^^^^^^^^^^^^^^^
  File "/usr/lib/python3.14/multiprocessing/queues.py", line 397, in put
    self._writer.send_bytes(obj)
    ~~~~~~~~~~~~~~~~~~~~~~~^^^^^
  File "/usr/lib/python3.14/multiprocessing/connection.py", line 207, in send_bytes
    self._send_bytes(m[offset:offset + size])
    ~~~~~~~~~~~~~~~~^^^^^^^^^^^^^^^^^^^^^^^^^
  File "/usr/lib/python3.14/multiprocessing/connection.py", line 445, in _send_bytes
    self._send(header + buf)
    ~~~~~~~~~~^^^^^^^^^^^^^^
  File "/usr/lib/python3.14/multiprocessing/connection.py", line 401, in _send
    n = write(self._handle, buf)
BrokenPipeError: [Errno 32] Broken pipe

During handling of the above exception, another exception occurred:

Traceback (most recent call last):
  File "/usr/lib/python3.14/multiprocessing/process.py", line 320, in _bootstrap
    self.run()
    ~~~~~~~~^^
  File "/usr/lib/python3.14/multiprocessing/process.py", line 108, in run
    self._target(*self._args, **self._kwargs)
    ~~~~~~~~~~~~^^^^^^^^^^^^^^^^^^^^^^^^^^^^^
  File "/usr/lib/python3.14/multiprocessing/pool.py", line 136, in worker
    put((job, i, (False, wrapped)))
    ~~~^^^^^^^^^^^^^^^^^^^^^^^^^^^^
  File "/usr/lib/python3.14/multiprocessing/queues.py", line 397, in put
    self._writer.send_bytes(obj)
    ~~~~~~~~~~~~~~~~~~~~~~~^^^^^
  File "/usr/lib/python3.14/multiprocessing/connection.py", line 207, in send_bytes
    self._send_bytes(m[offset:offset + size])
    ~~~~~~~~~~~~~~~~^^^^^^^^^^^^^^^^^^^^^^^^^
  File "/usr/lib/python3.14/multiprocessing/connection.py", line 445, in _send_bytes
    self._send(header + buf)
    ~~~~~~~~~~^^^^^^^^^^^^^^
  File "/usr/lib/python3.14/multiprocessing/connection.py", line 401, in _send
    n = write(self._handle, buf)
BrokenPipeError: [Errno 32] Broken pipe
Process ForkServerPoolWorker-46:
Traceback (most recent call last):
  File "/usr/lib/python3.14/multiprocessing/pool.py", line 131, in worker
    put((job, i, result))
    ~~~^^^^^^^^^^^^^^^^^^
  File "/usr/lib/python3.14/multiprocessing/queues.py", line 397, in put
    self._writer.send_bytes(obj)
    ~~~~~~~~~~~~~~~~~~~~~~~^^^^^
  File "/usr/lib/python3.14/multiprocessing/connection.py", line 207, in send_bytes
    self._send_bytes(m[offset:offset + size])
    ~~~~~~~~~~~~~~~~^^^^^^^^^^^^^^^^^^^^^^^^^
  File "/usr/lib/python3.14/multiprocessing/connection.py", line 445, in _send_bytes
    self._send(header + buf)
    ~~~~~~~~~~^^^^^^^^^^^^^^
  File "/usr/lib/python3.14/multiprocessing/connection.py", line 401, in _send
    n = write(self._handle, buf)
BrokenPipeError: [Errno 32] Broken pipe

During handling of the above exception, another exception occurred:

Traceback (most recent call last):
  File "/usr/lib/python3.14/multiprocessing/process.py", line 320, in _bootstrap
    self.run()
    ~~~~~~~~^^
  File "/usr/lib/python3.14/multiprocessing/process.py", line 108, in run
    self._target(*self._args, **self._kwargs)
    ~~~~~~~~~~~~^^^^^^^^^^^^^^^^^^^^^^^^^^^^^
  File "/usr/lib/python3.14/multiprocessing/pool.py", line 136, in worker
    put((job, i, (False, wrapped)))
    ~~~^^^^^^^^^^^^^^^^^^^^^^^^^^^^
  File "/usr/lib/python3.14/multiprocessing/queues.py", line 397, in put
    self._writer.send_bytes(obj)
    ~~~~~~~~~~~~~~~~~~~~~~~^^^^^
  File "/usr/lib/python3.14/multiprocessing/connection.py", line 207, in send_bytes
    self._send_bytes(m[offset:offset + size])
    ~~~~~~~~~~~~~~~~^^^^^^^^^^^^^^^^^^^^^^^^^
  File "/usr/lib/python3.14/multiprocessing/connection.py", line 445, in _send_bytes
    self._send(header + buf)
    ~~~~~~~~~~^^^^^^^^^^^^^^
  File "/usr/lib/python3.14/multiprocessing/connection.py", line 401, in _send
    n = write(self._handle, buf)
BrokenPipeError: [Errno 32] Broken pipe
Process ForkServerPoolWorker-45:
Traceback (most recent call last):
  File "/usr/lib/python3.14/multiprocessing/pool.py", line 131, in worker
    put((job, i, result))
    ~~~^^^^^^^^^^^^^^^^^^
  File "/usr/lib/python3.14/multiprocessing/queues.py", line 397, in put
    self._writer.send_bytes(obj)
    ~~~~~~~~~~~~~~~~~~~~~~~^^^^^
  File "/usr/lib/python3.14/multiprocessing/connection.py", line 207, in send_bytes
    self._send_bytes(m[offset:offset + size])
    ~~~~~~~~~~~~~~~~^^^^^^^^^^^^^^^^^^^^^^^^^
  File "/usr/lib/python3.14/multiprocessing/connection.py", line 445, in _send_bytes
    self._send(header + buf)
    ~~~~~~~~~~^^^^^^^^^^^^^^
  File "/usr/lib/python3.14/multiprocessing/connection.py", line 401, in _send
    n = write(self._handle, buf)
BrokenPipeError: [Errno 32] Broken pipe

During handling of the above exception, another exception occurred:

Traceback (most recent call last):
  File "/usr/lib/python3.14/multiprocessing/process.py", line 320, in _bootstrap
    self.run()
    ~~~~~~~~^^
  File "/usr/lib/python3.14/multiprocessing/process.py", line 108, in run
    self._target(*self._args, **self._kwargs)
    ~~~~~~~~~~~~^^^^^^^^^^^^^^^^^^^^^^^^^^^^^
  File "/usr/lib/python3.14/multiprocessing/pool.py", line 136, in worker
    put((job, i, (False, wrapped)))
    ~~~^^^^^^^^^^^^^^^^^^^^^^^^^^^^
  File "/usr/lib/python3.14/multiprocessing/queues.py", line 397, in put
    self._writer.send_bytes(obj)
    ~~~~~~~~~~~~~~~~~~~~~~~^^^^^
  File "/usr/lib/python3.14/multiprocessing/connection.py", line 207, in send_bytes
    self._send_bytes(m[offset:offset + size])
    ~~~~~~~~~~~~~~~~^^^^^^^^^^^^^^^^^^^^^^^^^
  File "/usr/lib/python3.14/multiprocessing/connection.py", line 445, in _send_bytes
    self._send(header + buf)
    ~~~~~~~~~~^^^^^^^^^^^^^^
  File "/usr/lib/python3.14/multiprocessing/connection.py", line 401, in _send
    n = write(self._handle, buf)
BrokenPipeError: [Errno 32] Broken pipe
Process ForkServerPoolWorker-42:
Traceback (most recent call last):
  File "/usr/lib/python3.14/multiprocessing/pool.py", line 131, in worker
    put((job, i, result))
    ~~~^^^^^^^^^^^^^^^^^^
  File "/usr/lib/python3.14/multiprocessing/queues.py", line 397, in put
    self._writer.send_bytes(obj)
    ~~~~~~~~~~~~~~~~~~~~~~~^^^^^
  File "/usr/lib/python3.14/multiprocessing/connection.py", line 207, in send_bytes
    self._send_bytes(m[offset:offset + size])
    ~~~~~~~~~~~~~~~~^^^^^^^^^^^^^^^^^^^^^^^^^
  File "/usr/lib/python3.14/multiprocessing/connection.py", line 445, in _send_bytes
    self._send(header + buf)
    ~~~~~~~~~~^^^^^^^^^^^^^^
  File "/usr/lib/python3.14/multiprocessing/connection.py", line 401, in _send
    n = write(self._handle, buf)
BrokenPipeError: [Errno 32] Broken pipe

During handling of the above exception, another exception occurred:

Traceback (most recent call last):
  File "/usr/lib/python3.14/multiprocessing/process.py", line 320, in _bootstrap
    self.run()
    ~~~~~~~~^^
  File "/usr/lib/python3.14/multiprocessing/process.py", line 108, in run
    self._target(*self._args, **self._kwargs)
    ~~~~~~~~~~~~^^^^^^^^^^^^^^^^^^^^^^^^^^^^^
  File "/usr/lib/python3.14/multiprocessing/pool.py", line 136, in worker
    put((job, i, (False, wrapped)))
    ~~~^^^^^^^^^^^^^^^^^^^^^^^^^^^^
  File "/usr/lib/python3.14/multiprocessing/queues.py", line 397, in put
    self._writer.send_bytes(obj)
    ~~~~~~~~~~~~~~~~~~~~~~~^^^^^
  File "/usr/lib/python3.14/multiprocessing/connection.py", line 207, in send_bytes
    self._send_bytes(m[offset:offset + size])
    ~~~~~~~~~~~~~~~~^^^^^^^^^^^^^^^^^^^^^^^^^
  File "/usr/lib/python3.14/multiprocessing/connection.py", line 445, in _send_bytes
    self._send(header + buf)
    ~~~~~~~~~~^^^^^^^^^^^^^^
  File "/usr/lib/python3.14/multiprocessing/connection.py", line 401, in _send
    n = write(self._handle, buf)
BrokenPipeError: [Errno 32] Broken pipe
Process ForkServerPoolWorker-37:
Traceback (most recent call last):
  File "/usr/lib/python3.14/multiprocessing/pool.py", line 131, in worker
    put((job, i, result))
    ~~~^^^^^^^^^^^^^^^^^^
  File "/usr/lib/python3.14/multiprocessing/queues.py", line 397, in put
    self._writer.send_bytes(obj)
    ~~~~~~~~~~~~~~~~~~~~~~~^^^^^
  File "/usr/lib/python3.14/multiprocessing/connection.py", line 207, in send_bytes
    self._send_bytes(m[offset:offset + size])
    ~~~~~~~~~~~~~~~~^^^^^^^^^^^^^^^^^^^^^^^^^
  File "/usr/lib/python3.14/multiprocessing/connection.py", line 445, in _send_bytes
    self._send(header + buf)
    ~~~~~~~~~~^^^^^^^^^^^^^^
  File "/usr/lib/python3.14/multiprocessing/connection.py", line 401, in _send
    n = write(self._handle, buf)
BrokenPipeError: [Errno 32] Broken pipe

During handling of the above exception, another exception occurred:

Traceback (most recent call last):
  File "/usr/lib/python3.14/multiprocessing/process.py", line 320, in _bootstrap
    self.run()
    ~~~~~~~~^^
  File "/usr/lib/python3.14/multiprocessing/process.py", line 108, in run
    self._target(*self._args, **self._kwargs)
    ~~~~~~~~~~~~^^^^^^^^^^^^^^^^^^^^^^^^^^^^^
  File "/usr/lib/python3.14/multiprocessing/pool.py", line 136, in worker
    put((job, i, (False, wrapped)))
    ~~~^^^^^^^^^^^^^^^^^^^^^^^^^^^^
  File "/usr/lib/python3.14/multiprocessing/queues.py", line 397, in put
    self._writer.send_bytes(obj)
    ~~~~~~~~~~~~~~~~~~~~~~~^^^^^
  File "/usr/lib/python3.14/multiprocessing/connection.py", line 207, in send_bytes
    self._send_bytes(m[offset:offset + size])
    ~~~~~~~~~~~~~~~~^^^^^^^^^^^^^^^^^^^^^^^^^
  File "/usr/lib/python3.14/multiprocessing/connection.py", line 445, in _send_bytes
    self._send(header + buf)
    ~~~~~~~~~~^^^^^^^^^^^^^^
  File "/usr/lib/python3.14/multiprocessing/connection.py", line 401, in _send
    n = write(self._handle, buf)
BrokenPipeError: [Errno 32] Broken pipe
Process ForkServerPoolWorker-39:
Traceback (most recent call last):
Process ForkServerPoolWorker-48:
  File "/usr/lib/python3.14/multiprocessing/pool.py", line 131, in worker
    put((job, i, result))
    ~~~^^^^^^^^^^^^^^^^^^
  File "/usr/lib/python3.14/multiprocessing/queues.py", line 397, in put
    self._writer.send_bytes(obj)
    ~~~~~~~~~~~~~~~~~~~~~~~^^^^^
  File "/usr/lib/python3.14/multiprocessing/connection.py", line 207, in send_bytes
    self._send_bytes(m[offset:offset + size])
    ~~~~~~~~~~~~~~~~^^^^^^^^^^^^^^^^^^^^^^^^^
  File "/usr/lib/python3.14/multiprocessing/connection.py", line 445, in _send_bytes
    self._send(header + buf)
    ~~~~~~~~~~^^^^^^^^^^^^^^
  File "/usr/lib/python3.14/multiprocessing/connection.py", line 401, in _send
    n = write(self._handle, buf)
BrokenPipeError: [Errno 32] Broken pipe

During handling of the above exception, another exception occurred:

Traceback (most recent call last):
Traceback (most recent call last):
  File "/usr/lib/python3.14/multiprocessing/process.py", line 320, in _bootstrap
    self.run()
    ~~~~~~~~^^
  File "/usr/lib/python3.14/multiprocessing/process.py", line 108, in run
    self._target(*self._args, **self._kwargs)
    ~~~~~~~~~~~~^^^^^^^^^^^^^^^^^^^^^^^^^^^^^
  File "/usr/lib/python3.14/multiprocessing/pool.py", line 136, in worker
    put((job, i, (False, wrapped)))
    ~~~^^^^^^^^^^^^^^^^^^^^^^^^^^^^
  File "/usr/lib/python3.14/multiprocessing/queues.py", line 397, in put
    self._writer.send_bytes(obj)
    ~~~~~~~~~~~~~~~~~~~~~~~^^^^^
  File "/usr/lib/python3.14/multiprocessing/connection.py", line 207, in send_bytes
    self._send_bytes(m[offset:offset + size])
    ~~~~~~~~~~~~~~~~^^^^^^^^^^^^^^^^^^^^^^^^^
  File "/usr/lib/python3.14/multiprocessing/connection.py", line 445, in _send_bytes
    self._send(header + buf)
    ~~~~~~~~~~^^^^^^^^^^^^^^
  File "/usr/lib/python3.14/multiprocessing/connection.py", line 401, in _send
    n = write(self._handle, buf)
BrokenPipeError: [Errno 32] Broken pipe
  File "/usr/lib/python3.14/multiprocessing/pool.py", line 131, in worker
    put((job, i, result))
    ~~~^^^^^^^^^^^^^^^^^^
  File "/usr/lib/python3.14/multiprocessing/queues.py", line 397, in put
    self._writer.send_bytes(obj)
    ~~~~~~~~~~~~~~~~~~~~~~~^^^^^
  File "/usr/lib/python3.14/multiprocessing/connection.py", line 207, in send_bytes
    self._send_bytes(m[offset:offset + size])
    ~~~~~~~~~~~~~~~~^^^^^^^^^^^^^^^^^^^^^^^^^
  File "/usr/lib/python3.14/multiprocessing/connection.py", line 445, in _send_bytes
    self._send(header + buf)
    ~~~~~~~~~~^^^^^^^^^^^^^^
  File "/usr/lib/python3.14/multiprocessing/connection.py", line 401, in _send
    n = write(self._handle, buf)
BrokenPipeError: [Errno 32] Broken pipe

During handling of the above exception, another exception occurred:

Traceback (most recent call last):
  File "/usr/lib/python3.14/multiprocessing/process.py", line 320, in _bootstrap
    self.run()
    ~~~~~~~~^^
  File "/usr/lib/python3.14/multiprocessing/process.py", line 108, in run
    self._target(*self._args, **self._kwargs)
    ~~~~~~~~~~~~^^^^^^^^^^^^^^^^^^^^^^^^^^^^^
  File "/usr/lib/python3.14/multiprocessing/pool.py", line 136, in worker
    put((job, i, (False, wrapped)))
    ~~~^^^^^^^^^^^^^^^^^^^^^^^^^^^^
  File "/usr/lib/python3.14/multiprocessing/queues.py", line 397, in put
    self._writer.send_bytes(obj)
    ~~~~~~~~~~~~~~~~~~~~~~~^^^^^
  File "/usr/lib/python3.14/multiprocessing/connection.py", line 207, in send_bytes
    self._send_bytes(m[offset:offset + size])
    ~~~~~~~~~~~~~~~~^^^^^^^^^^^^^^^^^^^^^^^^^
  File "/usr/lib/python3.14/multiprocessing/connection.py", line 445, in _send_bytes
    self._send(header + buf)
    ~~~~~~~~~~^^^^^^^^^^^^^^
  File "/usr/lib/python3.14/multiprocessing/connection.py", line 401, in _send
    n = write(self._handle, buf)
BrokenPipeError: [Errno 32] Broken pipe
Process ForkServerPoolWorker-41:
Traceback (most recent call last):
  File "/usr/lib/python3.14/multiprocessing/pool.py", line 131, in worker
    put((job, i, result))
    ~~~^^^^^^^^^^^^^^^^^^
  File "/usr/lib/python3.14/multiprocessing/queues.py", line 397, in put
    self._writer.send_bytes(obj)
    ~~~~~~~~~~~~~~~~~~~~~~~^^^^^
  File "/usr/lib/python3.14/multiprocessing/connection.py", line 207, in send_bytes
    self._send_bytes(m[offset:offset + size])
    ~~~~~~~~~~~~~~~~^^^^^^^^^^^^^^^^^^^^^^^^^
  File "/usr/lib/python3.14/multiprocessing/connection.py", line 445, in _send_bytes
    self._send(header + buf)
    ~~~~~~~~~~^^^^^^^^^^^^^^
  File "/usr/lib/python3.14/multiprocessing/connection.py", line 401, in _send
    n = write(self._handle, buf)
BrokenPipeError: [Errno 32] Broken pipe

During handling of the above exception, another exception occurred:

Traceback (most recent call last):
  File "/usr/lib/python3.14/multiprocessing/process.py", line 320, in _bootstrap
    self.run()
    ~~~~~~~~^^
  File "/usr/lib/python3.14/multiprocessing/process.py", line 108, in run
    self._target(*self._args, **self._kwargs)
    ~~~~~~~~~~~~^^^^^^^^^^^^^^^^^^^^^^^^^^^^^
  File "/usr/lib/python3.14/multiprocessing/pool.py", line 136, in worker
    put((job, i, (False, wrapped)))
    ~~~^^^^^^^^^^^^^^^^^^^^^^^^^^^^
  File "/usr/lib/python3.14/multiprocessing/queues.py", line 397, in put
    self._writer.send_bytes(obj)
    ~~~~~~~~~~~~~~~~~~~~~~~^^^^^
  File "/usr/lib/python3.14/multiprocessing/connection.py", line 207, in send_bytes
    self._send_bytes(m[offset:offset + size])
    ~~~~~~~~~~~~~~~~^^^^^^^^^^^^^^^^^^^^^^^^^
  File "/usr/lib/python3.14/multiprocessing/connection.py", line 445, in _send_bytes
    self._send(header + buf)
    ~~~~~~~~~~^^^^^^^^^^^^^^
  File "/usr/lib/python3.14/multiprocessing/connection.py", line 401, in _send
    n = write(self._handle, buf)
BrokenPipeError: [Errno 32] Broken pipe
/usr/lib/python3.14/multiprocessing/resource_tracker.py:396: UserWarning: resource_tracker: There appear to be 12 leaked semaphore objects to clean up at shutdown: {'/mp-24pj29o8', '/mp-y5j_vwwm', '/mp-z6yr6sbk', '/mp-vpj8ctti', '/mp-7nxn3lt_', '/mp-bnzz_wsv', '/mp-ixbvnj_h', '/mp-4xno8lp0', '/mp-oami4oec', '/mp-ek9xbr2g', '/mp-6lzcnef6', '/mp-589qsvjb'}
  warnings.warn(
